

=== 2026-04-24T01:03:13.997435+00:00 — distribute.py invoked tiktok-upload ===

  BLOCKED: Too soon — 0.1h since last post (min 4h)
  TikTok rate limits protect your account from being flagged.
  Use --force to bypass gap (safe-ish for inbox drafts).



=== 2026-08-08T03:35:02.379736+00:00 — distribute.py invoked tiktok-upload ===

Uploading 1 video(s) to TikTok...

[1/1] Color Palette Generator
  File: /Users/mdgolamkibriaemon/Videos/teamzlab-reels/uidesign_color-palette-generator.mp4
  Caption: Nobody talks about this free color palette generator

Try it free — link in bio ...
.  Uploaded! Status: PROCESSING_UPLOAD



=== 2026-08-08T11:13:13.339809+00:00 — distribute.py invoked tiktok-upload ===

Uploading 1 video(s) to TikTok...

[1/1] Pomodoro Timer
  File: /Users/mdgolamkibriaemon/Videos/teamzlab-reels/evergreen_pomodoro-timer.mp4
  Caption: Stop paying for pomodoro timer windows 10

Try it free — link in bio 🔗

🔗 tool...
.  Uploaded! Status: PROCESSING_UPLOAD



=== 2026-08-09T03:19:58.632333+00:00 — distribute.py invoked tiktok-upload ===

Uploading 1 video(s) to TikTok...

[1/1] Word Counter Online Free
  File: /Users/mdgolamkibriaemon/Videos/teamzlab-reels/text_word-counter.mp4
  Caption: Best free text counter gaan — no signup required

Try it free — link in bio 🔗

...
.  Uploaded! Status: PROCESSING_UPLOAD



=== 2026-08-09T07:37:58.051086+00:00 — distribute.py invoked tiktok-upload ===

Uploading 1 video(s) to TikTok...

[1/1] Simple Resume Builder
  File: /Users/mdgolamkibriaemon/Videos/teamzlab-reels/career_simple-resume-builder.mp4
  Caption: Best free resume builder websites — no signup required

Save this for your next ...
.  Uploaded! Status: PROCESSING_UPLOAD



=== 2026-08-10T03:33:07.242486+00:00 — distribute.py invoked tiktok-upload ===

Uploading 1 video(s) to TikTok...

[1/1] App Icon Sizes for iOS & Android
  File: /Users/mdgolamkibriaemon/Videos/teamzlab-reels/mobile_app-icon-sizes.mp4
  Caption: I replaced $500/mo with this free resume builder app for android

Try it free — ...
.  Uploaded! Status: PROCESSING_UPLOAD

